Copyright 1986-2017 Xilinx, Inc. All Rights Reserved.
---------------------------------------------------------------------------------------------
| Tool Version : Vivado v.2017.1 (lin64) Build 1846317 Fri Apr 14 18:54:47 MDT 2017
| Date         : Thu Jun 22 20:06:14 2017
| Host         : freakuency-N550JK running 64-bit Ubuntu 14.04.5 LTS
| Command      : report_control_sets -verbose -file gtwizard_0_exdes_control_sets_placed.rpt
| Design       : gtwizard_0_exdes
| Device       : xc7vx690t
---------------------------------------------------------------------------------------------

Control Set Information

Table of Contents
-----------------
1. Summary
2. Flip-Flop Distribution
3. Detailed Control Set Information

1. Summary
----------

+----------------------------------------------------------+-------+
|                          Status                          | Count |
+----------------------------------------------------------+-------+
| Number of unique control sets                            |   251 |
| Unused register locations in slices containing registers |   615 |
+----------------------------------------------------------+-------+


2. Flip-Flop Distribution
-------------------------

+--------------+-----------------------+------------------------+-----------------+--------------+
| Clock Enable | Synchronous Set/Reset | Asynchronous Set/Reset | Total Registers | Total Slices |
+--------------+-----------------------+------------------------+-----------------+--------------+
| No           | No                    | No                     |             897 |          319 |
| No           | No                    | Yes                    |            1868 |         1011 |
| No           | Yes                   | No                     |             452 |          131 |
| Yes          | No                    | No                     |             616 |          247 |
| Yes          | No                    | Yes                    |            5658 |         1709 |
| Yes          | Yes                   | No                     |            1430 |          343 |
+--------------+-----------------------+------------------------+-----------------+--------------+


3. Detailed Control Set Information
-----------------------------------

+------------------------------------------------------------------------------------+---------------------------------------------------------------------------------------------+--------------------------------------------------------------------------------------------+------------------+----------------+
|                                    Clock Signal                                    |                                        Enable Signal                                        |                                      Set/Reset Signal                                      | Slice Load Count | Bel Load Count |
+------------------------------------------------------------------------------------+---------------------------------------------------------------------------------------------+--------------------------------------------------------------------------------------------+------------------+----------------+
|  gtwizard_0_support_i/gtwizard_0_init_i/U0/gtwizard_0_i/gt0_gtwizard_0_i/xlnx_opt_ |                                                                                             | gtwizard_0_support_i/gtwizard_0_init_i/U0/gt3_rxresetfsm_i/gtrxreset_s                     |                1 |              1 |
|  drpclk_in_i                                                                       | I2C_comp/mux_reset_i_1_n_0                                                                  |                                                                                            |                1 |              1 |
|  drpclk_in_i                                                                       | fan_out                                                                                     | fan_out_i_1_n_0                                                                            |                1 |              1 |
|  drpclk_in_i                                                                       | SI5324_RST_LS_i_1_n_0                                                                       |                                                                                            |                1 |              1 |
|  gtwizard_0_support_i/gtwizard_0_init_i/U0/gtwizard_0_i/gt0_gtwizard_0_i/xlnx_opt_ |                                                                                             | gtwizard_0_support_i/gtwizard_0_init_i/U0/gt1_rxresetfsm_i/gtrxreset_s                     |                1 |              1 |
|  gtwizard_0_support_i/gtwizard_0_init_i/U0/gtwizard_0_i/gt0_gtwizard_0_i/xlnx_opt_ |                                                                                             | gtwizard_0_support_i/gtwizard_0_init_i/U0/gt0_rxresetfsm_i/gtrxreset_s                     |                1 |              1 |
|  gtwizard_0_support_i/gtwizard_0_init_i/U0/gtwizard_0_i/gt0_gtwizard_0_i/xlnx_opt_ |                                                                                             | gtwizard_0_support_i/gtwizard_0_init_i/U0/gt2_rxresetfsm_i/gtrxreset_s                     |                1 |              1 |
|  gtwizard_0_support_i/gt_usrclk_source/txoutclk_mmcm0_i/gt0_txusrclk2_in           |                                                                                             | gtwizard_0_support_i/gt1_txfsmresetdone_r_reg                                              |                1 |              2 |
|  gtwizard_0_support_i/gt_usrclk_source/txoutclk_mmcm0_i/gt0_txusrclk2_in           |                                                                                             | gtwizard_0_support_i/gt3_txfsmresetdone_r_reg                                              |                1 |              2 |
|  gtwizard_0_support_i/gt_usrclk_source/txoutclk_mmcm0_i/gt0_txusrclk2_in           |                                                                                             | gtwizard_0_support_i/gt2_txfsmresetdone_r_reg                                              |                1 |              2 |
|  gtwizard_0_support_i/gt_usrclk_source/txoutclk_mmcm0_i/gt0_txusrclk2_in           |                                                                                             | gtwizard_0_support_i/gt0_txfsmresetdone_r_reg                                              |                1 |              2 |
|  gtwizard_0_support_i/gtwizard_0_init_i/U0/gtwizard_0_i/gt0_gtwizard_0_i/xlnx_opt_ |                                                                                             | gtwizard_0_support_i/gtwizard_0_init_i/U0/gt0_rxresetfsm_i/PRE                             |                1 |              2 |
|  gtwizard_0_support_i/gtwizard_0_init_i/U0/gtwizard_0_i/gt0_gtwizard_0_i/xlnx_opt_ |                                                                                             | gtwizard_0_support_i/gtwizard_0_init_i/U0/gt3_rxresetfsm_i/PRE                             |                1 |              2 |
|  gtwizard_0_support_i/gtwizard_0_init_i/U0/gtwizard_0_i/gt0_gtwizard_0_i/xlnx_opt_ |                                                                                             | gtwizard_0_support_i/gtwizard_0_init_i/U0/gt1_rxresetfsm_i/PRE                             |                1 |              2 |
|  gtwizard_0_support_i/gtwizard_0_init_i/U0/gtwizard_0_i/gt0_gtwizard_0_i/xlnx_opt_ |                                                                                             | gtwizard_0_support_i/gtwizard_0_init_i/U0/gt2_rxresetfsm_i/PRE                             |                1 |              2 |
|  gtwizard_0_support_i/gt_usrclk_source/rxoutclk_mmcm1_i/gt0_rxusrclk2_in           |                                                                                             | gtwizard_0_support_i/gt2_rxresetdone_r_reg                                                 |                1 |              3 |
|  gtwizard_0_support_i/gt_usrclk_source/rxoutclk_mmcm1_i/gt0_rxusrclk2_in           |                                                                                             | gtwizard_0_support_i/gt3_rxresetdone_r_reg                                                 |                1 |              3 |
|  drpclk_in_i                                                                       | gtwizard_0_support_i/gtwizard_0_init_i/U0/gt3_txresetfsm_i/sync_QPLLLOCK/E[0]               |                                                                                            |                2 |              4 |
|  gtwizard_0_support_i/gt_usrclk_source/rxoutclk_mmcm1_i/gt0_rxusrclk2_in           | tm0/rx_FBERT/ROM_ref_cnt_reg[3][0]                                                          | tm0/tx_compressor_buffer/p_0_in                                                            |                1 |              4 |
|  drpclk_in_i                                                                       | I2C_SFP_REG_sel                                                                             |                                                                                            |                2 |              4 |
|  drpclk_in_i                                                                       | gtwizard_0_support_i/gtwizard_0_init_i/U0/gt0_rxresetfsm_i/sync_data_valid/E[0]             |                                                                                            |                2 |              4 |
|  drpclk_in_i                                                                       | gtwizard_0_support_i/gtwizard_0_init_i/U0/gt1_txresetfsm_i/sync_QPLLLOCK/E[0]               |                                                                                            |                2 |              4 |
|  drpclk_in_i                                                                       | gtwizard_0_support_i/gtwizard_0_init_i/U0/gt2_rxresetfsm_i/sync_data_valid/E[0]             |                                                                                            |                2 |              4 |
|  drpclk_in_i                                                                       | gtwizard_0_support_i/gtwizard_0_init_i/U0/gt2_txresetfsm_i/sync_QPLLLOCK/E[0]               |                                                                                            |                2 |              4 |
|  drpclk_in_i                                                                       | I2C_comp/I2C_comp/busy1                                                                     | CPU_RESET_IBUF                                                                             |                2 |              4 |
|  drpclk_in_i                                                                       | gtwizard_0_support_i/gtwizard_0_init_i/U0/gt1_rxresetfsm_i/sync_data_valid/E[0]             |                                                                                            |                2 |              4 |
|  gtwizard_0_support_i/gt_usrclk_source/txoutclk_mmcm0_i/gt0_txusrclk2_in           | tm0/tx_compressor_buffer/words_in_A0                                                        | tm0/tx_compressor_buffer/p_0_in                                                            |                1 |              4 |
|  drpclk_in_i                                                                       | gtwizard_0_support_i/gtwizard_0_init_i/U0/gt3_rxresetfsm_i/sync_data_valid/E[0]             |                                                                                            |                3 |              4 |
|  gtwizard_0_support_i/gt_usrclk_source/txoutclk_mmcm0_i/gt0_txusrclk2_in           | tm0/tx_compressor_buffer/words_in_B0                                                        | tm0/tx_compressor_buffer/p_0_in                                                            |                2 |              4 |
|  drpclk_in_i                                                                       | gtwizard_0_support_i/gtwizard_0_init_i/U0/gt0_txresetfsm_i/sync_QPLLLOCK/E[0]               |                                                                                            |                3 |              4 |
|  gtwizard_0_support_i/gt_usrclk_source/txoutclk_mmcm0_i/gt0_txusrclk2_in           | tm1/tx_compressor_buffer/words_in_A0                                                        | tm1/tx_compressor_buffer/p_0_in                                                            |                1 |              4 |
|  gtwizard_0_support_i/gt_usrclk_source/txoutclk_mmcm0_i/gt0_txusrclk2_in           | tm1/tx_compressor_buffer/words_in_B0                                                        | tm1/tx_compressor_buffer/p_0_in                                                            |                2 |              4 |
|  drpclk_in_i                                                                       | I2C_comp/i_start0                                                                           |                                                                                            |                1 |              4 |
|  drpclk_in_i                                                                       |                                                                                             | gtwizard_0_support_i/gtwizard_0_init_i/U0/gt3_rxresetfsm_i/reset_time_out_reg_n_0          |                2 |              4 |
|  drpclk_in_i                                                                       |                                                                                             | gtwizard_0_support_i/gtwizard_0_init_i/U0/gt2_rxresetfsm_i/reset_time_out_reg_n_0          |                2 |              4 |
|  drpclk_in_i                                                                       |                                                                                             | gtwizard_0_support_i/gtwizard_0_init_i/U0/gt0_rxresetfsm_i/reset_time_out_reg_n_0          |                3 |              4 |
|  drpclk_in_i                                                                       |                                                                                             | gtwizard_0_support_i/gtwizard_0_init_i/U0/gt1_rxresetfsm_i/reset_time_out_reg_n_0          |                2 |              4 |
|  drpclk_in_i                                                                       | UART_comp/E[0]                                                                              |                                                                                            |                2 |              5 |
|  drpclk_in_i                                                                       | I2C_comp/I2C_comp/E[0]                                                                      | CPU_RESET_IBUF                                                                             |                3 |              5 |
|  drpclk_in_i                                                                       | I2C_comp/next_state                                                                         | CPU_RESET_IBUF                                                                             |                3 |              5 |
|  drpclk_in_i                                                                       | I2C_comp/E[0]                                                                               |                                                                                            |                2 |              5 |
|  drpclk_in_i                                                                       | I2C_comp/addr0                                                                              |                                                                                            |                3 |              5 |
|  drpclk_in_i                                                                       | gtwizard_0_support_i/gtwizard_0_init_i/U0/gt0_rxresetfsm_i/init_wait_count[5]_i_1__3_n_0    |                                                                                            |                2 |              6 |
|  drpclk_in_i                                                                       | gtwizard_0_support_i/gtwizard_0_init_i/U0/gt0_txresetfsm_i/init_wait_count[5]_i_1_n_0       |                                                                                            |                2 |              6 |
|  drpclk_in_i                                                                       | gtwizard_0_support_i/gtwizard_0_init_i/U0/gt3_rxresetfsm_i/init_wait_count[5]_i_1__6_n_0    |                                                                                            |                2 |              6 |
|  drpclk_in_i                                                                       | I2C_comp/RX_byte_counter_reg[0]                                                             |                                                                                            |                2 |              6 |
|  drpclk_in_i                                                                       | gtwizard_0_support_i/gtwizard_0_init_i/U0/gt1_txresetfsm_i/init_wait_count[5]_i_1__0_n_0    |                                                                                            |                2 |              6 |
|  drpclk_in_i                                                                       | gtwizard_0_support_i/gtwizard_0_init_i/U0/gt3_txresetfsm_i/init_wait_count[5]_i_1__2_n_0    |                                                                                            |                2 |              6 |
|  drpclk_in_i                                                                       | gtwizard_0_support_i/gtwizard_0_init_i/U0/gt1_rxresetfsm_i/init_wait_count[5]_i_1__4_n_0    |                                                                                            |                2 |              6 |
|  drpclk_in_i                                                                       | gtwizard_0_support_i/gtwizard_0_init_i/U0/gt2_txresetfsm_i/init_wait_count[5]_i_1__1_n_0    |                                                                                            |                2 |              6 |
|  gtwizard_0_support_i/gt_usrclk_source/rxoutclk_mmcm1_i/gt0_rxusrclk2_in           |                                                                                             | gt2_rx_reset_i2                                                                            |                2 |              6 |
|  gtwizard_0_support_i/gt_usrclk_source/rxoutclk_mmcm1_i/gt0_rxusrclk2_in           |                                                                                             | tm1/tx_compressor_buffer/p_0_in                                                            |                2 |              6 |
|  gtwizard_0_support_i/gt_usrclk_source/rxoutclk_mmcm1_i/gt0_rxusrclk2_in           |                                                                                             | gt3_rx_reset_i2                                                                            |                2 |              6 |
|  drpclk_in_i                                                                       | gtwizard_0_support_i/gtwizard_0_init_i/U0/gt2_rxresetfsm_i/init_wait_count[5]_i_1__5_n_0    |                                                                                            |                2 |              6 |
|  gtwizard_0_support_i/gt_usrclk_source/rxoutclk_mmcm1_i/gt0_rxusrclk2_in           | gt2_frame_check/link_ctr                                                                    | gt2_frame_check/link_ctr[6]_i_1_n_0                                                        |                2 |              7 |
|  drpclk_in_i                                                                       | gtwizard_0_support_i/gtwizard_0_init_i/U0/gt2_txresetfsm_i/wait_time_cnt[6]_i_2__5_n_0      | gtwizard_0_support_i/gtwizard_0_init_i/U0/gt2_txresetfsm_i/wait_time_cnt[6]_i_1__1_n_0     |                2 |              7 |
|  drpclk_in_i                                                                       | gtwizard_0_support_i/gtwizard_0_init_i/U0/gt1_txresetfsm_i/wait_time_cnt[6]_i_2__4_n_0      | gtwizard_0_support_i/gtwizard_0_init_i/U0/gt1_txresetfsm_i/wait_time_cnt[6]_i_1__0_n_0     |                2 |              7 |
|  drpclk_in_i                                                                       | gtwizard_0_support_i/gtwizard_0_init_i/U0/gt0_txresetfsm_i/wait_time_cnt[6]_i_2__3_n_0      | gtwizard_0_support_i/gtwizard_0_init_i/U0/gt0_txresetfsm_i/wait_time_cnt[6]_i_1_n_0        |                2 |              7 |
|  drpclk_in_i                                                                       | I2C_comp/MUX9546_SFP_CHANNEL0                                                               | I2C_comp/MUX9546_SFP_CHANNEL[7]_i_1_n_0                                                    |                2 |              7 |
|  drpclk_in_i                                                                       | gtwizard_0_support_i/gtwizard_0_init_i/U0/gt0_rxresetfsm_i/wait_time_cnt[6]_i_2_n_0         | gtwizard_0_support_i/gtwizard_0_init_i/U0/gt0_rxresetfsm_i/wait_time_cnt[6]_i_1__3_n_0     |                3 |              7 |
|  gtwizard_0_support_i/gt_usrclk_source/rxoutclk_mmcm1_i/gt0_rxusrclk2_in           | gt3_frame_check/link_ctr                                                                    | gt3_frame_check/link_ctr[6]_i_1__0_n_0                                                     |                2 |              7 |
|  drpclk_in_i                                                                       | gtwizard_0_support_i/gtwizard_0_init_i/U0/gt3_rxresetfsm_i/wait_time_cnt[6]_i_2__2_n_0      | gtwizard_0_support_i/gtwizard_0_init_i/U0/gt3_rxresetfsm_i/wait_time_cnt[6]_i_1__6_n_0     |                2 |              7 |
|  drpclk_in_i                                                                       | gtwizard_0_support_i/gtwizard_0_init_i/U0/gt2_rxresetfsm_i/wait_time_cnt[6]_i_2__1_n_0      | gtwizard_0_support_i/gtwizard_0_init_i/U0/gt2_rxresetfsm_i/wait_time_cnt[6]_i_1__5_n_0     |                2 |              7 |
|  drpclk_in_i                                                                       | gtwizard_0_support_i/gtwizard_0_init_i/U0/gt1_rxresetfsm_i/wait_time_cnt[6]_i_2__0_n_0      | gtwizard_0_support_i/gtwizard_0_init_i/U0/gt1_rxresetfsm_i/wait_time_cnt[6]_i_1__4_n_0     |                2 |              7 |
|  drpclk_in_i                                                                       | gtwizard_0_support_i/gtwizard_0_init_i/U0/gt3_txresetfsm_i/wait_time_cnt[6]_i_2__6_n_0      | gtwizard_0_support_i/gtwizard_0_init_i/U0/gt3_txresetfsm_i/wait_time_cnt[6]_i_1__2_n_0     |                2 |              7 |
|  drpclk_in_i                                                                       | I2C_comp/TX_byte_reg[0][0]                                                                  |                                                                                            |                7 |              8 |
|  drpclk_in_i                                                                       | gtwizard_0_support_i/common_reset_i/sel                                                     |                                                                                            |                3 |              8 |
|  drpclk_in_i                                                                       | I2C_comp/data_wr0                                                                           |                                                                                            |                4 |              8 |
|  drpclk_in_i                                                                       | I2C_comp/i_curr0                                                                            |                                                                                            |                5 |              8 |
|  drpclk_in_i                                                                       | gtwizard_0_support_i/gtwizard_0_init_i/U0/gt0_txresetfsm_i/mmcm_lock_count[7]_i_2_n_0       | gtwizard_0_support_i/gtwizard_0_init_i/U0/gt0_txresetfsm_i/sync_mmcm_lock_reclocked/SR[0]  |                2 |              8 |
|  drpclk_in_i                                                                       | gtwizard_0_support_i/gtwizard_0_init_i/U0/gt1_rxresetfsm_i/mmcm_lock_count[7]_i_2__4_n_0    | gtwizard_0_support_i/gtwizard_0_init_i/U0/gt1_rxresetfsm_i/sync_mmcm_lock_reclocked/SR[0]  |                2 |              8 |
|  drpclk_in_i                                                                       | I2C_comp/I2C_comp/data_rd[7]_i_1_n_0                                                        | CPU_RESET_IBUF                                                                             |                2 |              8 |
|  drpclk_in_i                                                                       | gtwizard_0_support_i/gtwizard_0_init_i/U0/gt2_txresetfsm_i/mmcm_lock_count[7]_i_2__1_n_0    | gtwizard_0_support_i/gtwizard_0_init_i/U0/gt2_txresetfsm_i/sync_mmcm_lock_reclocked/SR[0]  |                2 |              8 |
|  gtwizard_0_support_i/gt_usrclk_source/txoutclk_mmcm0_i/gt0_txusrclk2_in           | tm0/tx_TX_syncronizer/loop_cnt0                                                             |                                                                                            |                2 |              8 |
|  gtwizard_0_support_i/gt_usrclk_source/rxoutclk_mmcm1_i/gt0_rxusrclk2_in           | gtwizard_0_support_i/SYNC_ref_cnt0                                                          | tm0/tx_compressor_buffer/p_0_in                                                            |                2 |              8 |
|  drpclk_in_i                                                                       | gtwizard_0_support_i/gtwizard_0_init_i/U0/gt0_rxresetfsm_i/mmcm_lock_count[7]_i_2__3_n_0    | gtwizard_0_support_i/gtwizard_0_init_i/U0/gt0_rxresetfsm_i/sync_mmcm_lock_reclocked/SR[0]  |                2 |              8 |
|  drpclk_in_i                                                                       | gtwizard_0_support_i/gtwizard_0_init_i/U0/gt1_txresetfsm_i/mmcm_lock_count[7]_i_2__0_n_0    | gtwizard_0_support_i/gtwizard_0_init_i/U0/gt1_txresetfsm_i/sync_mmcm_lock_reclocked/SR[0]  |                2 |              8 |
|  drpclk_in_i                                                                       | gtwizard_0_support_i/gtwizard_0_init_i/U0/gt2_rxresetfsm_i/mmcm_lock_count[7]_i_2__5_n_0    | gtwizard_0_support_i/gtwizard_0_init_i/U0/gt2_rxresetfsm_i/sync_mmcm_lock_reclocked/SR[0]  |                2 |              8 |
|  tm0/rx_FBERT/GPIO_LED[7]_0[0]                                                     |                                                                                             |                                                                                            |                2 |              8 |
|  gtwizard_0_support_i/gt_usrclk_source/rxoutclk_mmcm1_i/gt0_rxusrclk2_in           | tm0/rx_word_compressor/bits_in_buffer__0                                                    | tm0/rx_block_sync/FSM_sequential_bits_in_buffer_reg[7]                                     |                8 |              8 |
|  gtwizard_0_support_i/gt_usrclk_source/txoutclk_mmcm0_i/gt0_txusrclk2_in           | tm1/tx_TX_syncronizer/loop_cnt0                                                             |                                                                                            |                2 |              8 |
|  drpclk_in_i                                                                       | gtwizard_0_support_i/gtwizard_0_init_i/U0/gt3_rxresetfsm_i/mmcm_lock_count[7]_i_2__6_n_0    | gtwizard_0_support_i/gtwizard_0_init_i/U0/gt3_rxresetfsm_i/sync_mmcm_lock_reclocked/SR[0]  |                2 |              8 |
|  drpclk_in_i                                                                       | gtwizard_0_support_i/gtwizard_0_init_i/U0/gt3_txresetfsm_i/mmcm_lock_count[7]_i_2__2_n_0    | gtwizard_0_support_i/gtwizard_0_init_i/U0/gt3_txresetfsm_i/sync_mmcm_lock_reclocked/SR[0]  |                2 |              8 |
|  gtwizard_0_support_i/gt_usrclk_source/txoutclk_mmcm0_i/gt0_txusrclk2_in           |                                                                                             | gt3_txseq_counter_r0                                                                       |                3 |              9 |
|  gtwizard_0_support_i/gt_usrclk_source/txoutclk_mmcm0_i/gt0_txusrclk2_in           |                                                                                             | gt2_txseq_counter_r0                                                                       |                2 |              9 |
|  gtwizard_0_support_i/gt_usrclk_source/rxoutclk_mmcm1_i/gt0_rxusrclk2_in           |                                                                                             | tm0/FSM_sequential_FBERT_STATE[2]_i_2_n_0                                                  |                6 |              9 |
|  gtwizard_0_support_i/gt_usrclk_source/txoutclk_mmcm0_i/gt0_txusrclk2_in           | tm1/tx_word_expander/bits_in_buffer__0                                                      | tm1/tx_compressor_buffer/p_0_in                                                            |                5 |             10 |
|  drpclk_in_i                                                                       | gtwizard_0_support_i/gtwizard_0_init_i/U0/gt0_rx_cdrlock_counter                            | gtwizard_0_support_i/gtwizard_0_init_i/U0/gt0_rxresetfsm_i/SR[0]                           |                3 |             10 |
|  gtwizard_0_support_i/gt_usrclk_source/rxoutclk_mmcm1_i/gt0_rxusrclk2_in           | block_sync_sm_2_i/sync_header_count_i0                                                      | block_sync_sm_2_i/begin_r                                                                  |                3 |             10 |
|  drpclk_in_i                                                                       | gtwizard_0_support_i/gtwizard_0_init_i/U0/gt1_rx_cdrlock_counter                            | gtwizard_0_support_i/gtwizard_0_init_i/U0/gt1_rxresetfsm_i/SR[0]                           |                3 |             10 |
|  gtwizard_0_support_i/gt_usrclk_source/rxoutclk_mmcm1_i/gt0_rxusrclk2_in           | tm1/rx_block_sync/sh_invalid_r                                                              | tm1/rx_block_sync/begin_r                                                                  |                3 |             10 |
|  gtwizard_0_support_i/gt_usrclk_source/rxoutclk_mmcm1_i/gt0_rxusrclk2_in           | tm1/rx_block_sync/sync_header_count_i0                                                      | tm1/rx_block_sync/begin_r                                                                  |                3 |             10 |
|  drpclk_in_i                                                                       | gtwizard_0_support_i/gtwizard_0_init_i/U0/gt2_rx_cdrlock_counter                            | gtwizard_0_support_i/gtwizard_0_init_i/U0/gt2_rxresetfsm_i/SR[0]                           |                3 |             10 |
|  drpclk_in_i                                                                       | gtwizard_0_support_i/gtwizard_0_init_i/U0/gt3_rx_cdrlock_counter                            | gtwizard_0_support_i/gtwizard_0_init_i/U0/gt3_rxresetfsm_i/SR[0]                           |                3 |             10 |
|  gtwizard_0_support_i/gt_usrclk_source/rxoutclk_mmcm1_i/gt0_rxusrclk2_in           | tm0/rx_block_sync/sync_header_count_i0                                                      | tm0/rx_block_sync/begin_r                                                                  |                3 |             10 |
|  gtwizard_0_support_i/gt_usrclk_source/rxoutclk_mmcm1_i/gt0_rxusrclk2_in           | tm0/rx_block_sync/sh_invalid_r                                                              | tm0/rx_block_sync/begin_r                                                                  |                3 |             10 |
|  gtwizard_0_support_i/gt_usrclk_source/txoutclk_mmcm0_i/gt0_txusrclk2_in           | tm0/tx_word_expander/bits_in_buffer__0                                                      | tm0/tx_compressor_buffer/p_0_in                                                            |                4 |             10 |
|  gtwizard_0_support_i/gt_usrclk_source/rxoutclk_mmcm1_i/gt0_rxusrclk2_in           | block_sync_sm_3_i/sync_header_count_i0                                                      | block_sync_sm_3_i/begin_r                                                                  |                3 |             10 |
|  gtwizard_0_support_i/gt_usrclk_source/rxoutclk_mmcm1_i/gt0_rxusrclk2_in           | block_sync_sm_3_i/sh_invalid_r                                                              | block_sync_sm_3_i/begin_r                                                                  |                3 |             10 |
|  gtwizard_0_support_i/gt_usrclk_source/rxoutclk_mmcm1_i/gt0_rxusrclk2_in           | block_sync_sm_2_i/sh_invalid_r                                                              | block_sync_sm_2_i/begin_r                                                                  |                3 |             10 |
|  gtwizard_0_support_i/gt_usrclk_source/rxoutclk_mmcm1_i/gt0_rxusrclk2_in           | gt2_frame_check/rxdatavalid_r                                                               | gt2_frame_check/read_counter_i[1]                                                          |                2 |             12 |
|  gtwizard_0_support_i/gt_usrclk_source/txoutclk_mmcm0_i/gt0_txusrclk2_in           | tm1/tx_compressor_buffer/output_counter0                                                    | tm1/tx_compressor_buffer/p_0_in                                                            |                3 |             12 |
|  gtwizard_0_support_i/gt_usrclk_source/rxoutclk_mmcm1_i/gt0_rxusrclk2_in           | gt3_frame_check/rxdatavalid_r                                                               | gt3_frame_check/read_counter_i[1]                                                          |                2 |             12 |
|  gtwizard_0_support_i/gt_usrclk_source/txoutclk_mmcm0_i/gt0_txusrclk2_in           | tm0/tx_compressor_buffer/output_counter0                                                    | tm0/tx_compressor_buffer/p_0_in                                                            |                3 |             12 |
|  gtwizard_0_support_i/gt_usrclk_source/rxoutclk_mmcm1_i/gt3_rxusrclk_in            | gtwizard_0_support_i/gtwizard_0_init_i/U0/gt0_rxresetfsm_i/wait_bypass_count[0]_i_2__3_n_0  | gtwizard_0_support_i/gtwizard_0_init_i/U0/gt0_rxresetfsm_i/wait_bypass_count[0]_i_1__3_n_0 |                4 |             13 |
|  gtwizard_0_support_i/gt_usrclk_source/rxoutclk_mmcm1_i/gt3_rxusrclk_in            | gtwizard_0_support_i/gtwizard_0_init_i/U0/gt1_rxresetfsm_i/wait_bypass_count[0]_i_2__4_n_0  | gtwizard_0_support_i/gtwizard_0_init_i/U0/gt1_rxresetfsm_i/wait_bypass_count[0]_i_1__4_n_0 |                4 |             13 |
|  gtwizard_0_support_i/gt_usrclk_source/rxoutclk_mmcm1_i/gt3_rxusrclk_in            | gtwizard_0_support_i/gtwizard_0_init_i/U0/gt2_rxresetfsm_i/wait_bypass_count[0]_i_2__5_n_0  | gtwizard_0_support_i/gtwizard_0_init_i/U0/gt2_rxresetfsm_i/wait_bypass_count[0]_i_1__5_n_0 |                4 |             13 |
|  gtwizard_0_support_i/gt_usrclk_source/rxoutclk_mmcm1_i/gt3_rxusrclk_in            | gtwizard_0_support_i/gtwizard_0_init_i/U0/gt3_rxresetfsm_i/wait_bypass_count[0]_i_2__6_n_0  | gtwizard_0_support_i/gtwizard_0_init_i/U0/gt3_rxresetfsm_i/wait_bypass_count[0]_i_1__6_n_0 |                4 |             13 |
|  gtwizard_0_support_i/gt_usrclk_source/txoutclk_mmcm0_i/gt0_txusrclk2_in           | gt2_frame_gen/E[0]                                                                          | gt2_frame_gen/read_counter_i[8]_i_1__1_n_0                                                 |                3 |             13 |
|  gtwizard_0_support_i/gt_usrclk_source/txoutclk_mmcm0_i/gt0_txusrclk2_in           | gt3_frame_gen/E[0]                                                                          | gt3_frame_gen/read_counter_i[8]_i_1__2_n_0                                                 |                4 |             13 |
|  drpclk_in_i                                                                       | I2C_comp/I2C_comp/addr_rw0                                                                  |                                                                                            |                4 |             14 |
|  gtwizard_0_support_i/gt_usrclk_source/txoutclk_mmcm0_i/gt0_txusrclk2_in           | tm0/tx_TX_syncronizer/sync_cnt_rep[6]_i_1_n_0                                               | tm0/tx_compressor_buffer/p_0_in                                                            |                3 |             14 |
|  gtwizard_0_support_i/gt_usrclk_source/txoutclk_mmcm0_i/gt0_txusrclk2_in           | tm1/tx_TX_syncronizer/sync_cnt_rep[6]_i_1__0_n_0                                            | tm1/tx_compressor_buffer/p_0_in                                                            |                3 |             14 |
|  gtwizard_0_support_i/gt_usrclk_source/rxoutclk_mmcm1_i/gt0_rxusrclk2_in           | tm0/rx_FBERT/E[0]                                                                           | tm0/tx_compressor_buffer/p_0_in                                                            |                2 |             15 |
|  gtwizard_0_support_i/gt_usrclk_source/txoutclk_mmcm0_i/gt3_txusrclk_in            | gtwizard_0_support_i/gtwizard_0_init_i/U0/gt3_txresetfsm_i/wait_bypass_count[0]_i_2__2_n_0  | gtwizard_0_support_i/gtwizard_0_init_i/U0/gt3_txresetfsm_i/wait_bypass_count[0]_i_1__2_n_0 |                5 |             17 |
|  gtwizard_0_support_i/gt_usrclk_source/txoutclk_mmcm0_i/gt3_txusrclk_in            | gtwizard_0_support_i/gtwizard_0_init_i/U0/gt0_txresetfsm_i/wait_bypass_count[0]_i_2_n_0     | gtwizard_0_support_i/gtwizard_0_init_i/U0/gt0_txresetfsm_i/clear                           |                5 |             17 |
|  gtwizard_0_support_i/gt_usrclk_source/txoutclk_mmcm0_i/gt3_txusrclk_in            | gtwizard_0_support_i/gtwizard_0_init_i/U0/gt2_txresetfsm_i/wait_bypass_count[0]_i_2__1_n_0  | gtwizard_0_support_i/gtwizard_0_init_i/U0/gt2_txresetfsm_i/wait_bypass_count[0]_i_1__1_n_0 |                5 |             17 |
|  gtwizard_0_support_i/gt_usrclk_source/txoutclk_mmcm0_i/gt3_txusrclk_in            | gtwizard_0_support_i/gtwizard_0_init_i/U0/gt1_txresetfsm_i/wait_bypass_count[0]_i_2__0_n_0  | gtwizard_0_support_i/gtwizard_0_init_i/U0/gt1_txresetfsm_i/wait_bypass_count[0]_i_1__0_n_0 |                5 |             17 |
|  drpclk_in_i                                                                       | gtwizard_0_support_i/gtwizard_0_init_i/U0/gt3_txresetfsm_i/time_out_counter                 | gtwizard_0_support_i/gtwizard_0_init_i/U0/gt3_txresetfsm_i/reset_time_out_reg_n_0          |                5 |             18 |
|  drpclk_in_i                                                                       | gtwizard_0_support_i/gtwizard_0_init_i/U0/gt1_txresetfsm_i/time_out_counter                 | gtwizard_0_support_i/gtwizard_0_init_i/U0/gt1_txresetfsm_i/reset_time_out_reg_n_0          |                5 |             18 |
|  drpclk_in_i                                                                       | gtwizard_0_support_i/gtwizard_0_init_i/U0/gt0_rxresetfsm_i/time_out_counter                 | gtwizard_0_support_i/gtwizard_0_init_i/U0/gt0_rxresetfsm_i/reset_time_out_reg_n_0          |                5 |             18 |
|  drpclk_in_i                                                                       | gtwizard_0_support_i/gtwizard_0_init_i/U0/gt1_rxresetfsm_i/time_out_counter                 | gtwizard_0_support_i/gtwizard_0_init_i/U0/gt1_rxresetfsm_i/reset_time_out_reg_n_0          |                5 |             18 |
|  drpclk_in_i                                                                       | gtwizard_0_support_i/gtwizard_0_init_i/U0/gt2_rxresetfsm_i/time_out_counter                 | gtwizard_0_support_i/gtwizard_0_init_i/U0/gt2_rxresetfsm_i/reset_time_out_reg_n_0          |                5 |             18 |
|  drpclk_in_i                                                                       | gtwizard_0_support_i/gtwizard_0_init_i/U0/gt2_txresetfsm_i/time_out_counter                 | gtwizard_0_support_i/gtwizard_0_init_i/U0/gt2_txresetfsm_i/reset_time_out_reg_n_0          |                5 |             18 |
|  drpclk_in_i                                                                       | gtwizard_0_support_i/gtwizard_0_init_i/U0/gt0_txresetfsm_i/time_out_counter                 | gtwizard_0_support_i/gtwizard_0_init_i/U0/gt0_txresetfsm_i/reset_time_out                  |                5 |             18 |
|  drpclk_in_i                                                                       | gtwizard_0_support_i/gtwizard_0_init_i/U0/gt3_rxresetfsm_i/time_out_counter                 | gtwizard_0_support_i/gtwizard_0_init_i/U0/gt3_rxresetfsm_i/reset_time_out_reg_n_0          |                5 |             18 |
|  gtwizard_0_support_i/gt_usrclk_source/rxoutclk_mmcm1_i/gt0_rxusrclk2_in           | tm0/rx_word_expander/bits_in_buffer0                                                        | tm0/bits_in_buffer[6]_i_3_n_0                                                              |                5 |             20 |
|  gtwizard_0_support_i/gt_usrclk_source/rxoutclk_mmcm1_i/gt0_rxusrclk2_in           | tm0/rx_word_expander/bits_in_buffer0                                                        | tm0/bits_in_buffer[4]_rep__1_i_1_n_0                                                       |                6 |             21 |
|  gtwizard_0_support_i/gtwizard_0_init_i/U0/gtwizard_0_i/gt0_gtwizard_0_i/xlnx_opt_ |                                                                                             |                                                                                            |                4 |             24 |
|  gtwizard_0_support_i/gt_usrclk_source/rxoutclk_mmcm1_i/gt0_rxusrclk2_in           |                                                                                             | tm0/tx_compressor_buffer/p_0_in                                                            |               11 |             25 |
|  drpclk_in_i                                                                       | I2C_comp/RX_byte_counter_reg[0]                                                             | RX_byte_counter[30]_i_1_n_0                                                                |                8 |             25 |
|  drpclk_in_i                                                                       | BER_counter[30]_i_2_n_0                                                                     | BER_counter[30]_i_1_n_0                                                                    |                8 |             30 |
|  drpclk_in_i                                                                       | fs_counter[30]_i_2_n_0                                                                      | fs_counter[30]_i_1_n_0                                                                     |                8 |             30 |
|  drpclk_in_i                                                                       | I2C_comp/mux_rst_cnt0                                                                       |                                                                                            |                8 |             31 |
|  drpclk_in_i                                                                       | I2C_comp/SI5324_index_cnt[30]_i_1_n_0                                                       | CPU_RESET_IBUF                                                                             |                8 |             31 |
|  drpclk_in_i                                                                       | READ_ALL_A2h_1_counter[0]_i_1_n_0                                                           |                                                                                            |                8 |             31 |
|  drpclk_in_i                                                                       | SI5324_counter[30]_i_2_n_0                                                                  | I2C_comp/SI5324_counter_reg[0]                                                             |                7 |             31 |
|  gtwizard_0_support_i/gt_usrclk_source/rxoutclk_mmcm1_i/gt0_rxusrclk2_in           |                                                                                             | tm0/bits_in_buffer[4]_rep__1_i_1_n_0                                                       |               24 |             31 |
|  gtwizard_0_support_i/gt_usrclk_source/rxoutclk_mmcm1_i/gt0_rxusrclk2_in           | tm0/rx_FBERT/total_errors_detected                                                          | tm0/FSM_sequential_FBERT_STATE[2]_i_2_n_0                                                  |               10 |             32 |
|  gtwizard_0_support_i/gt_usrclk_source/rxoutclk_mmcm1_i/gt0_rxusrclk2_in           | tm0/rx_FBERT/clock_cnt                                                                      | tm0/FSM_sequential_FBERT_STATE[2]_i_2_n_0                                                  |               13 |             32 |
|  gtwizard_0_support_i/gt_usrclk_source/rxoutclk_mmcm1_i/gt0_rxusrclk2_in           | tm0/rx_FBERT/__1/i__n_0                                                                     | tm0/FSM_sequential_FBERT_STATE[2]_i_2_n_0                                                  |               13 |             32 |
|  gtwizard_0_support_i/gt_usrclk_source/rxoutclk_mmcm1_i/gt0_rxusrclk2_in           |                                                                                             | tm1/rx_block_sync/slip_pulse_i0                                                            |                5 |             32 |
|  gtwizard_0_support_i/gt_usrclk_source/rxoutclk_mmcm1_i/gt0_rxusrclk2_in           |                                                                                             | tm0/rx_block_sync/slip_pulse_i0                                                            |                5 |             32 |
|  gtwizard_0_support_i/gt_usrclk_source/rxoutclk_mmcm1_i/gt0_rxusrclk2_in           |                                                                                             | block_sync_sm_3_i/slip_pulse_i0                                                            |                5 |             32 |
|  gtwizard_0_support_i/gt_usrclk_source/rxoutclk_mmcm1_i/gt0_rxusrclk2_in           |                                                                                             | block_sync_sm_2_i/slip_pulse_i0                                                            |                4 |             32 |
|  gtwizard_0_support_i/gt_usrclk_source/rxoutclk_mmcm1_i/gt0_rxusrclk2_in           |                                                                                             | tm0/buf_output_r[126]_i_3_n_0                                                              |               16 |             33 |
|  drpclk_in_i                                                                       |                                                                                             | CPU_RESET_IBUF                                                                             |               18 |             35 |
|  gtwizard_0_support_i/gt_usrclk_source/txoutclk_mmcm0_i/gt0_txusrclk2_in           |                                                                                             |                                                                                            |               13 |             42 |
|  gtwizard_0_support_i/gt_usrclk_source/txoutclk_mmcm0_i/gt3_txusrclk_in            |                                                                                             |                                                                                            |               14 |             60 |
|  gtwizard_0_support_i/gt_usrclk_source/rxoutclk_mmcm1_i/gt3_rxusrclk_in            |                                                                                             |                                                                                            |               11 |             60 |
|  gtwizard_0_support_i/gt_usrclk_source/rxoutclk_mmcm1_i/gt0_rxusrclk2_in           | tm0/rx_word_expander/buf_output_r0                                                          | tm0/bits_in_buffer[4]_rep__1_i_1_n_0                                                       |               22 |             63 |
|  gtwizard_0_support_i/gt_usrclk_source/txoutclk_mmcm0_i/gt0_txusrclk2_in           | tm0/tx_compressor_buffer/buffer_B_reg[10]0                                                  | tm0/tx_compressor_buffer/p_0_in                                                            |               24 |             64 |
|  gtwizard_0_support_i/gt_usrclk_source/txoutclk_mmcm0_i/gt0_txusrclk2_in           | tm0/tx_compressor_buffer/buffer_A_reg[13]0                                                  | tm0/tx_compressor_buffer/p_0_in                                                            |               16 |             64 |
|  gtwizard_0_support_i/gt_usrclk_source/txoutclk_mmcm0_i/gt0_txusrclk2_in           | tm0/tx_compressor_buffer/buffer_B_reg[0]0                                                   | tm0/tx_compressor_buffer/p_0_in                                                            |               16 |             64 |
|  gtwizard_0_support_i/gt_usrclk_source/txoutclk_mmcm0_i/gt0_txusrclk2_in           | tm0/tx_compressor_buffer/buffer_A_reg[9]0                                                   | tm0/tx_compressor_buffer/p_0_in                                                            |               17 |             64 |
|  gtwizard_0_support_i/gt_usrclk_source/txoutclk_mmcm0_i/gt0_txusrclk2_in           | tm0/tx_compressor_buffer/buffer_A_reg[8]0                                                   | tm0/tx_compressor_buffer/p_0_in                                                            |               14 |             64 |
|  gtwizard_0_support_i/gt_usrclk_source/txoutclk_mmcm0_i/gt0_txusrclk2_in           | tm0/tx_compressor_buffer/buffer_B_reg[9]0                                                   | tm0/tx_compressor_buffer/p_0_in                                                            |               11 |             64 |
|  gtwizard_0_support_i/gt_usrclk_source/txoutclk_mmcm0_i/gt0_txusrclk2_in           | tm0/tx_compressor_buffer/buffer_A_reg[6]0                                                   | tm0/tx_compressor_buffer/p_0_in                                                            |               17 |             64 |
|  gtwizard_0_support_i/gt_usrclk_source/txoutclk_mmcm0_i/gt0_txusrclk2_in           | tm0/tx_compressor_buffer/buffer_A_reg[7]0                                                   | tm0/tx_compressor_buffer/p_0_in                                                            |               13 |             64 |
|  gtwizard_0_support_i/gt_usrclk_source/txoutclk_mmcm0_i/gt0_txusrclk2_in           | tm0/tx_compressor_buffer/buffer_A_reg[5]0                                                   | tm0/tx_compressor_buffer/p_0_in                                                            |               16 |             64 |
|  gtwizard_0_support_i/gt_usrclk_source/rxoutclk_mmcm1_i/gt0_rxusrclk2_in           | tm0/rx_BER_calculator/BER_circuit_in_rdy_i_reg_n_0                                          | tm0/rx_BER_calculator/BER_circuit_64_bit_input_comp_0/errors[6]_i_1_n_0                    |               14 |             64 |
|  gtwizard_0_support_i/gt_usrclk_source/rxoutclk_mmcm1_i/gt0_rxusrclk2_in           | tm0/rx_word_compressor/bits_in_buffer__0                                                    | tm0/rx_block_sync/buf_output_r_reg[0]                                                      |               61 |             64 |
|  gtwizard_0_support_i/gt_usrclk_source/rxoutclk_mmcm1_i/gt0_rxusrclk2_in           | tm0/rx_word_compressor/BER_circuit_data_in_i_reg[0][0]                                      | tm0/tx_compressor_buffer/p_0_in                                                            |               20 |             64 |
|  gtwizard_0_support_i/gt_usrclk_source/rxoutclk_mmcm1_i/gt0_rxusrclk2_in           | tm0/rx_word_expander/buf_output_r0                                                          | tm0/buf_output_r[126]_i_3_n_0                                                              |               52 |             64 |
|  gtwizard_0_support_i/gt_usrclk_source/txoutclk_mmcm0_i/gt0_txusrclk2_in           | tm0/tx_compressor_buffer/buffer_A_reg[0]0                                                   | tm0/tx_compressor_buffer/p_0_in                                                            |               13 |             64 |
|  gtwizard_0_support_i/gt_usrclk_source/txoutclk_mmcm0_i/gt0_txusrclk2_in           | tm0/tx_compressor_buffer/buffer_A_reg[10]0                                                  | tm0/tx_compressor_buffer/p_0_in                                                            |               13 |             64 |
|  gtwizard_0_support_i/gt_usrclk_source/txoutclk_mmcm0_i/gt0_txusrclk2_in           | tm0/tx_compressor_buffer/buffer_A_reg[4]0                                                   | tm0/tx_compressor_buffer/p_0_in                                                            |               13 |             64 |
|  gtwizard_0_support_i/gt_usrclk_source/txoutclk_mmcm0_i/gt0_txusrclk2_in           | tm0/tx_compressor_buffer/buffer_A_reg[3]0                                                   | tm0/tx_compressor_buffer/p_0_in                                                            |               13 |             64 |
|  gtwizard_0_support_i/gt_usrclk_source/txoutclk_mmcm0_i/gt0_txusrclk2_in           | tm0/tx_compressor_buffer/buffer_A_reg[2]0                                                   | tm0/tx_compressor_buffer/p_0_in                                                            |               15 |             64 |
|  gtwizard_0_support_i/gt_usrclk_source/txoutclk_mmcm0_i/gt0_txusrclk2_in           | tm0/tx_compressor_buffer/buffer_A_reg[11]0                                                  | tm0/tx_compressor_buffer/p_0_in                                                            |               14 |             64 |
|  gtwizard_0_support_i/gt_usrclk_source/txoutclk_mmcm0_i/gt0_txusrclk2_in           | tm0/tx_compressor_buffer/buffer_A_reg[1]0                                                   | tm0/tx_compressor_buffer/p_0_in                                                            |               13 |             64 |
|  gtwizard_0_support_i/gt_usrclk_source/txoutclk_mmcm0_i/gt0_txusrclk2_in           | tm0/tx_compressor_buffer/buffer_A_reg[12]0                                                  | tm0/tx_compressor_buffer/p_0_in                                                            |               13 |             64 |
|  gtwizard_0_support_i/gt_usrclk_source/txoutclk_mmcm0_i/gt0_txusrclk2_in           | tm0/tx_compressor_buffer/buffer_A_reg[15]0                                                  | tm0/tx_compressor_buffer/p_0_in                                                            |               13 |             64 |
|  gtwizard_0_support_i/gt_usrclk_source/txoutclk_mmcm0_i/gt0_txusrclk2_in           | tm0/tx_compressor_buffer/buffer_A_reg[14]0                                                  | tm0/tx_compressor_buffer/p_0_in                                                            |               10 |             64 |
|  gtwizard_0_support_i/gt_usrclk_source/txoutclk_mmcm0_i/gt0_txusrclk2_in           | tm1/tx_compressor_buffer/buffer_A_reg[4]0                                                   | tm1/tx_compressor_buffer/p_0_in                                                            |               14 |             64 |
|  gtwizard_0_support_i/gt_usrclk_source/txoutclk_mmcm0_i/gt0_txusrclk2_in           | tm1/tx_compressor_buffer/buffer_B_reg[2]0                                                   | tm1/tx_compressor_buffer/p_0_in                                                            |               14 |             64 |
|  gtwizard_0_support_i/gt_usrclk_source/txoutclk_mmcm0_i/gt0_txusrclk2_in           | tm1/tx_compressor_buffer/buffer_B_reg[1]0                                                   | tm1/tx_compressor_buffer/p_0_in                                                            |               17 |             64 |
|  gtwizard_0_support_i/gt_usrclk_source/txoutclk_mmcm0_i/gt0_txusrclk2_in           | tm1/tx_compressor_buffer/buffer_B_reg[15]0                                                  | tm1/tx_compressor_buffer/p_0_in                                                            |               13 |             64 |
|  gtwizard_0_support_i/gt_usrclk_source/txoutclk_mmcm0_i/gt0_txusrclk2_in           | tm1/tx_compressor_buffer/buffer_B_reg[14]0                                                  | tm1/tx_compressor_buffer/p_0_in                                                            |               15 |             64 |
|  gtwizard_0_support_i/gt_usrclk_source/txoutclk_mmcm0_i/gt0_txusrclk2_in           | tm1/tx_compressor_buffer/buffer_B_reg[13]0                                                  | tm1/tx_compressor_buffer/p_0_in                                                            |               14 |             64 |
|  gtwizard_0_support_i/gt_usrclk_source/txoutclk_mmcm0_i/gt0_txusrclk2_in           | tm0/tx_compressor_buffer/buffer_B_reg[11]0                                                  | tm0/tx_compressor_buffer/p_0_in                                                            |               13 |             64 |
|  gtwizard_0_support_i/gt_usrclk_source/txoutclk_mmcm0_i/gt0_txusrclk2_in           | tm1/tx_compressor_buffer/buffer_B_reg[11]0                                                  | tm1/tx_compressor_buffer/p_0_in                                                            |               13 |             64 |
|  gtwizard_0_support_i/gt_usrclk_source/txoutclk_mmcm0_i/gt0_txusrclk2_in           | tm1/tx_compressor_buffer/buffer_B_reg[10]0                                                  | tm1/tx_compressor_buffer/p_0_in                                                            |               19 |             64 |
|  gtwizard_0_support_i/gt_usrclk_source/txoutclk_mmcm0_i/gt0_txusrclk2_in           | tm1/tx_compressor_buffer/buffer_B_reg[0]0                                                   | tm1/tx_compressor_buffer/p_0_in                                                            |               18 |             64 |
|  gtwizard_0_support_i/gt_usrclk_source/txoutclk_mmcm0_i/gt0_txusrclk2_in           | tm1/tx_compressor_buffer/buffer_A_reg[9]0                                                   | tm1/tx_compressor_buffer/p_0_in                                                            |               28 |             64 |
|  gtwizard_0_support_i/gt_usrclk_source/txoutclk_mmcm0_i/gt0_txusrclk2_in           | tm1/tx_compressor_buffer/buffer_A_reg[8]0                                                   | tm1/tx_compressor_buffer/p_0_in                                                            |               22 |             64 |
|  gtwizard_0_support_i/gt_usrclk_source/txoutclk_mmcm0_i/gt0_txusrclk2_in           | tm1/tx_compressor_buffer/buffer_A_reg[7]0                                                   | tm1/tx_compressor_buffer/p_0_in                                                            |               18 |             64 |
|  gtwizard_0_support_i/gt_usrclk_source/txoutclk_mmcm0_i/gt0_txusrclk2_in           | tm1/tx_compressor_buffer/buffer_A_reg[6]0                                                   | tm1/tx_compressor_buffer/p_0_in                                                            |               19 |             64 |
|  gtwizard_0_support_i/gt_usrclk_source/txoutclk_mmcm0_i/gt0_txusrclk2_in           | tm1/tx_compressor_buffer/buffer_A_reg[5]0                                                   | tm1/tx_compressor_buffer/p_0_in                                                            |               15 |             64 |
|  gtwizard_0_support_i/gt_usrclk_source/txoutclk_mmcm0_i/gt0_txusrclk2_in           | tm1/tx_compressor_buffer/buffer_B_reg[12]0                                                  | tm1/tx_compressor_buffer/p_0_in                                                            |               16 |             64 |
|  gtwizard_0_support_i/gt_usrclk_source/txoutclk_mmcm0_i/gt0_txusrclk2_in           | tm1/tx_compressor_buffer/buffer_A_reg[3]0                                                   | tm1/tx_compressor_buffer/p_0_in                                                            |               19 |             64 |
|  gtwizard_0_support_i/gt_usrclk_source/txoutclk_mmcm0_i/gt0_txusrclk2_in           | tm1/tx_compressor_buffer/buffer_A_reg[2]0                                                   | tm1/tx_compressor_buffer/p_0_in                                                            |               14 |             64 |
|  gtwizard_0_support_i/gt_usrclk_source/txoutclk_mmcm0_i/gt0_txusrclk2_in           | tm1/tx_compressor_buffer/buffer_A_reg[1]0                                                   | tm1/tx_compressor_buffer/p_0_in                                                            |               15 |             64 |
|  gtwizard_0_support_i/gt_usrclk_source/txoutclk_mmcm0_i/gt0_txusrclk2_in           | tm1/tx_compressor_buffer/buffer_A_reg[15]0                                                  | tm1/tx_compressor_buffer/p_0_in                                                            |               18 |             64 |
|  gtwizard_0_support_i/gt_usrclk_source/txoutclk_mmcm0_i/gt0_txusrclk2_in           | tm1/tx_compressor_buffer/buffer_A_reg[14]0                                                  | tm1/tx_compressor_buffer/p_0_in                                                            |               19 |             64 |
|  gtwizard_0_support_i/gt_usrclk_source/txoutclk_mmcm0_i/gt0_txusrclk2_in           | tm1/tx_compressor_buffer/buffer_A_reg[13]0                                                  | tm1/tx_compressor_buffer/p_0_in                                                            |               17 |             64 |
|  gtwizard_0_support_i/gt_usrclk_source/txoutclk_mmcm0_i/gt0_txusrclk2_in           | tm1/tx_compressor_buffer/buffer_A_reg[12]0                                                  | tm1/tx_compressor_buffer/p_0_in                                                            |               17 |             64 |
|  gtwizard_0_support_i/gt_usrclk_source/txoutclk_mmcm0_i/gt0_txusrclk2_in           | tm1/tx_compressor_buffer/buffer_A_reg[11]0                                                  | tm1/tx_compressor_buffer/p_0_in                                                            |               16 |             64 |
|  gtwizard_0_support_i/gt_usrclk_source/txoutclk_mmcm0_i/gt0_txusrclk2_in           | tm1/tx_compressor_buffer/buffer_A_reg[10]0                                                  | tm1/tx_compressor_buffer/p_0_in                                                            |               18 |             64 |
|  gtwizard_0_support_i/gt_usrclk_source/txoutclk_mmcm0_i/gt0_txusrclk2_in           | tm1/tx_compressor_buffer/buffer_A_reg[0]0                                                   | tm1/tx_compressor_buffer/p_0_in                                                            |               11 |             64 |
|  gtwizard_0_support_i/gt_usrclk_source/txoutclk_mmcm0_i/gt0_txusrclk2_in           | tm0/tx_compressor_buffer/buffer_B_reg[7]0                                                   | tm0/tx_compressor_buffer/p_0_in                                                            |               21 |             64 |
|  gtwizard_0_support_i/gt_usrclk_source/txoutclk_mmcm0_i/gt0_txusrclk2_in           | tm0/tx_64b66b_logic/buf_out_reg[63]                                                         | tm0/tx_compressor_buffer/p_0_in                                                            |               21 |             64 |
|  gtwizard_0_support_i/gt_usrclk_source/txoutclk_mmcm0_i/gt0_txusrclk2_in           | tm0/tx_compressor_buffer/buffer_B_reg[8]0                                                   | tm0/tx_compressor_buffer/p_0_in                                                            |               22 |             64 |
|  gtwizard_0_support_i/gt_usrclk_source/txoutclk_mmcm0_i/gt0_txusrclk2_in           | tm1/tx_compressor_buffer/buffer_B_reg[4]0                                                   | tm1/tx_compressor_buffer/p_0_in                                                            |               20 |             64 |
|  gtwizard_0_support_i/gt_usrclk_source/txoutclk_mmcm0_i/gt0_txusrclk2_in           | tm0/tx_compressor_buffer/buffer_B_reg[12]0                                                  | tm0/tx_compressor_buffer/p_0_in                                                            |               15 |             64 |
|  gtwizard_0_support_i/gt_usrclk_source/txoutclk_mmcm0_i/gt0_txusrclk2_in           | tm0/tx_compressor_buffer/buffer_B_reg[13]0                                                  | tm0/tx_compressor_buffer/p_0_in                                                            |               15 |             64 |
|  gtwizard_0_support_i/gt_usrclk_source/txoutclk_mmcm0_i/gt0_txusrclk2_in           | tm0/tx_compressor_buffer/buffer_B_reg[14]0                                                  | tm0/tx_compressor_buffer/p_0_in                                                            |               14 |             64 |
|  gtwizard_0_support_i/gt_usrclk_source/txoutclk_mmcm0_i/gt0_txusrclk2_in           | tm0/tx_compressor_buffer/buffer_B_reg[15]0                                                  | tm0/tx_compressor_buffer/p_0_in                                                            |               17 |             64 |
|  gtwizard_0_support_i/gt_usrclk_source/txoutclk_mmcm0_i/gt0_txusrclk2_in           | tm0/tx_compressor_buffer/buffer_B_reg[1]0                                                   | tm0/tx_compressor_buffer/p_0_in                                                            |                8 |             64 |
|  gtwizard_0_support_i/gt_usrclk_source/txoutclk_mmcm0_i/gt0_txusrclk2_in           | tm0/tx_compressor_buffer/buffer_B_reg[2]0                                                   | tm0/tx_compressor_buffer/p_0_in                                                            |               11 |             64 |
|  gtwizard_0_support_i/gt_usrclk_source/txoutclk_mmcm0_i/gt0_txusrclk2_in           | tm0/tx_compressor_buffer/buffer_B_reg[3]0                                                   | tm0/tx_compressor_buffer/p_0_in                                                            |               11 |             64 |
|  gtwizard_0_support_i/gt_usrclk_source/txoutclk_mmcm0_i/gt0_txusrclk2_in           | tm1/tx_64b66b_logic/buf_out_reg[63]                                                         | tm1/tx_compressor_buffer/p_0_in                                                            |               17 |             64 |
|  gtwizard_0_support_i/gt_usrclk_source/txoutclk_mmcm0_i/gt0_txusrclk2_in           | tm0/tx_compressor_buffer/buffer_B_reg[4]0                                                   | tm0/tx_compressor_buffer/p_0_in                                                            |               17 |             64 |
|  gtwizard_0_support_i/gt_usrclk_source/txoutclk_mmcm0_i/gt0_txusrclk2_in           | tm0/tx_compressor_buffer/buffer_B_reg[5]0                                                   | tm0/tx_compressor_buffer/p_0_in                                                            |               18 |             64 |
|  gtwizard_0_support_i/gt_usrclk_source/txoutclk_mmcm0_i/gt0_txusrclk2_in           | tm0/tx_compressor_buffer/buffer_B_reg[6]0                                                   | tm0/tx_compressor_buffer/p_0_in                                                            |               25 |             64 |
|  gtwizard_0_support_i/gt_usrclk_source/txoutclk_mmcm0_i/gt0_txusrclk2_in           | tm1/tx_compressor_buffer/buffer_B_reg[8]0                                                   | tm1/tx_compressor_buffer/p_0_in                                                            |               20 |             64 |
|  gtwizard_0_support_i/gt_usrclk_source/txoutclk_mmcm0_i/gt0_txusrclk2_in           | tm1/tx_compressor_buffer/buffer_B_reg[3]0                                                   | tm1/tx_compressor_buffer/p_0_in                                                            |               16 |             64 |
|  gtwizard_0_support_i/gt_usrclk_source/txoutclk_mmcm0_i/gt0_txusrclk2_in           | tm1/tx_compressor_buffer/buffer_B_reg[5]0                                                   | tm1/tx_compressor_buffer/p_0_in                                                            |               13 |             64 |
|  gtwizard_0_support_i/gt_usrclk_source/txoutclk_mmcm0_i/gt0_txusrclk2_in           | tm1/tx_compressor_buffer/buffer_B_reg[6]0                                                   | tm1/tx_compressor_buffer/p_0_in                                                            |               18 |             64 |
|  gtwizard_0_support_i/gt_usrclk_source/txoutclk_mmcm0_i/gt0_txusrclk2_in           | tm1/tx_compressor_buffer/buffer_B_reg[9]0                                                   | tm1/tx_compressor_buffer/p_0_in                                                            |               17 |             64 |
|  gtwizard_0_support_i/gt_usrclk_source/txoutclk_mmcm0_i/gt0_txusrclk2_in           | tm1/tx_compressor_buffer/buffer_B_reg[7]0                                                   | tm1/tx_compressor_buffer/p_0_in                                                            |               12 |             64 |
|  gtwizard_0_support_i/gt_usrclk_source/rxoutclk_mmcm1_i/gt0_rxusrclk2_in           |                                                                                             | tm0/rx_block_sync/buf_output_r_reg[0]                                                      |               34 |             67 |
|  gtwizard_0_support_i/gt_usrclk_source/txoutclk_mmcm0_i/gt0_txusrclk2_in           | tm0/tx_64b66b_logic/E[0]                                                                    | tm0/tx_compressor_buffer/p_0_in                                                            |               18 |             67 |
|  gtwizard_0_support_i/gt_usrclk_source/txoutclk_mmcm0_i/gt0_txusrclk2_in           | tm1/tx_64b66b_logic/E[0]                                                                    | tm1/tx_compressor_buffer/p_0_in                                                            |               34 |             67 |
|  gtwizard_0_support_i/gt_usrclk_source/txoutclk_mmcm0_i/gt0_txusrclk2_in           | tm0/tx_64b66b_logic/bits_in_buffer0                                                         | tm0/tx_compressor_buffer/p_0_in                                                            |               69 |             72 |
|  gtwizard_0_support_i/gt_usrclk_source/txoutclk_mmcm0_i/gt0_txusrclk2_in           | tm1/tx_64b66b_logic/bits_in_buffer0                                                         | tm1/tx_compressor_buffer/p_0_in                                                            |               70 |             72 |
|  gtwizard_0_support_i/gt_usrclk_source/txoutclk_mmcm0_i/gt0_txusrclk2_in           | tm0/scrambler[56]_i_1_n_0                                                                   | tm0/tx_compressor_buffer/p_0_in                                                            |               17 |             93 |
|  gtwizard_0_support_i/gt_usrclk_source/txoutclk_mmcm0_i/gt0_txusrclk2_in           | gt2_pause_data_valid_r                                                                      | scrambler_2_i/SYSTEM_RESET5_out                                                            |               20 |             93 |
|  gtwizard_0_support_i/gt_usrclk_source/txoutclk_mmcm0_i/gt0_txusrclk2_in           | gt3_pause_data_valid_r                                                                      | scrambler_3_i/SYSTEM_RESET1_out                                                            |               23 |             93 |
|  gtwizard_0_support_i/gt_usrclk_source/txoutclk_mmcm0_i/gt0_txusrclk2_in           | tm1/scrambler[56]_i_1_n_0                                                                   | tm1/tx_compressor_buffer/p_0_in                                                            |               23 |             93 |
|  gtwizard_0_support_i/gt_usrclk_source/rxoutclk_mmcm1_i/gt0_rxusrclk2_in           |                                                                                             | tm0/bits_in_buffer[6]_i_3_n_0                                                              |               71 |             95 |
|  gtwizard_0_support_i/gt_usrclk_source/rxoutclk_mmcm1_i/gt0_rxusrclk2_in           |                                                                                             | tm0/buf_out[95]_i_1_n_0                                                                    |               36 |             96 |
|  gtwizard_0_support_i/gt_usrclk_source/rxoutclk_mmcm1_i/gt0_rxusrclk2_in           |                                                                                             | tm0/rx_block_sync/FSM_sequential_bits_in_buffer_reg[7]                                     |               98 |            109 |
|  gtwizard_0_support_i/gt_usrclk_source/txoutclk_mmcm0_i/gt0_txusrclk2_in           | tm0/tx_word_expander/buf_output_r[112]_i_1__0_n_0                                           | tm0/tx_compressor_buffer/p_0_in                                                            |               46 |            113 |
|  gtwizard_0_support_i/gt_usrclk_source/txoutclk_mmcm0_i/gt0_txusrclk2_in           | tm1/tx_word_expander/buf_output_r[112]_i_1__1_n_0                                           | tm1/tx_compressor_buffer/p_0_in                                                            |               52 |            113 |
|  gtwizard_0_support_i/gt_usrclk_source/rxoutclk_mmcm1_i/gt0_rxusrclk2_in           |                                                                                             | tm0/rx_block_sync/buf_input_r_reg[164]                                                     |              109 |            116 |
|  gtwizard_0_support_i/gt_usrclk_source/rxoutclk_mmcm1_i/gt0_rxusrclk2_in           | gtwizard_0_support_i/gtwizard_0_init_i/U0/gtwizard_0_i/gt2_gtwizard_0_i/gt2_rxdatavalid_out | block_sync_sm_2_i/SR[0]                                                                    |               21 |            122 |
|  gtwizard_0_support_i/gt_usrclk_source/rxoutclk_mmcm1_i/gt0_rxusrclk2_in           | gtwizard_0_support_i/gtwizard_0_init_i/U0/gtwizard_0_i/gt3_gtwizard_0_i/gt3_rxdatavalid_out | block_sync_sm_3_i/SR[0]                                                                    |               21 |            122 |
|  gtwizard_0_support_i/gt_usrclk_source/rxoutclk_mmcm1_i/gt0_rxusrclk2_in           | gtwizard_0_support_i/E[0]                                                                   | tm0/rx_block_sync/SR[0]                                                                    |               24 |            122 |
|  gtwizard_0_support_i/gt_usrclk_source/rxoutclk_mmcm1_i/gt0_rxusrclk2_in           | tm0/rx_word_expander/E[0]                                                                   |                                                                                            |               55 |            127 |
|  gtwizard_0_support_i/gt_usrclk_source/txoutclk_mmcm0_i/gt0_txusrclk2_in           | tm0/tx_64b66b_logic/enable_in1_out                                                          |                                                                                            |               63 |            127 |
|  gtwizard_0_support_i/gt_usrclk_source/txoutclk_mmcm0_i/gt0_txusrclk2_in           | tm1/tx_64b66b_logic/enable_in1_out                                                          |                                                                                            |               38 |            127 |
|  gtwizard_0_support_i/gt_usrclk_source/rxoutclk_mmcm1_i/gt0_rxusrclk2_in           |                                                                                             | gt2_frame_check/system_reset_r2                                                            |               44 |            133 |
|  gtwizard_0_support_i/gt_usrclk_source/rxoutclk_mmcm1_i/gt0_rxusrclk2_in           |                                                                                             | gt3_frame_check/system_reset_r2                                                            |               45 |            133 |
|  gtwizard_0_support_i/gt_usrclk_source/txoutclk_mmcm0_i/gt0_txusrclk2_in           | tm1/tx_64b66b_logic/enable_in1_out                                                          | tm1/tx_compressor_buffer/p_0_in                                                            |               51 |            149 |
|  gtwizard_0_support_i/gt_usrclk_source/txoutclk_mmcm0_i/gt0_txusrclk2_in           | tm0/tx_64b66b_logic/enable_in1_out                                                          | tm0/tx_compressor_buffer/p_0_in                                                            |               41 |            149 |
|  gtwizard_0_support_i/gt_usrclk_source/rxoutclk_mmcm1_i/gt0_rxusrclk2_in           |                                                                                             | tm0/rx_BER_calculator/BER_circuit_64_bit_input_comp_0/errors[6]_i_1_n_0                    |               39 |            198 |
|  gtwizard_0_support_i/gt_usrclk_source/rxoutclk_mmcm1_i/gt0_rxusrclk2_in           |                                                                                             |                                                                                            |              160 |            300 |
|  drpclk_in_i                                                                       |                                                                                             |                                                                                            |              116 |            404 |
|  gtwizard_0_support_i/gt_usrclk_source/txoutclk_mmcm0_i/gt0_txusrclk2_in           |                                                                                             | tm1/tx_compressor_buffer/p_0_in                                                            |              306 |            517 |
|  gtwizard_0_support_i/gt_usrclk_source/txoutclk_mmcm0_i/gt0_txusrclk2_in           |                                                                                             | tm0/tx_compressor_buffer/p_0_in                                                            |              232 |            517 |
+------------------------------------------------------------------------------------+---------------------------------------------------------------------------------------------+--------------------------------------------------------------------------------------------+------------------+----------------+


+--------+-----------------------+
| Fanout | Number of ControlSets |
+--------+-----------------------+
| 1      |                     7 |
| 2      |                     8 |
| 3      |                     2 |
| 4      |                    20 |
| 5      |                     5 |
| 6      |                    12 |
| 7      |                    11 |
| 8      |                    18 |
| 9      |                     3 |
| 10     |                    14 |
| 12     |                     4 |
| 13     |                     6 |
| 14     |                     3 |
| 15     |                     1 |
| 16+    |                   137 |
+--------+-----------------------+


